** Drc report for pcb.kicad_pcb **
** Created on 2025-10-05T13:19:10-0400 **

** Found 9 DRC violations **
[silk_edge_clearance]: Silkscreen clipped by board edge
    Rule: board setup constraints silk; warning
    @(90.8300 mm, 64.7400 mm): Rectangle on Edge.Cuts
    @(91.1000 mm, 64.7700 mm): Segment of J2 on F.Silkscreen
[silk_edge_clearance]: Silkscreen clipped by board edge
    Rule: board setup constraints silk; warning
    @(90.8300 mm, 64.7400 mm): Rectangle on Edge.Cuts
    @(91.1000 mm, 66.1500 mm): Segment of J2 on F.Silkscreen
[silk_edge_clearance]: Silkscreen clipped by board edge
    Rule: board setup constraints silk; warning
    @(90.8300 mm, 64.7400 mm): Rectangle on Edge.Cuts
    @(108.8400 mm, 64.7800 mm): Segment of J3 on F.Silkscreen
[silk_edge_clearance]: Silkscreen clipped by board edge
    Rule: board setup constraints silk; warning
    @(90.8300 mm, 64.7400 mm): Rectangle on Edge.Cuts
    @(108.8400 mm, 66.1600 mm): Segment of J3 on F.Silkscreen
[copper_edge_clearance]: Board edge clearance violation (board setup constraints edge clearance 0.5000 mm; actual 0.3300 mm)
    Rule: board setup constraints edge; error
    @(90.8300 mm, 64.7400 mm): Rectangle on Edge.Cuts
    @(105.7200 mm, 65.8700 mm): PTH pad S1 [GND] of J1
[copper_edge_clearance]: Board edge clearance violation (board setup constraints edge clearance 0.5000 mm; actual 0.3300 mm)
    Rule: board setup constraints edge; error
    @(90.8300 mm, 64.7400 mm): Rectangle on Edge.Cuts
    @(97.0800 mm, 65.8700 mm): PTH pad S1 [GND] of J1
[silk_edge_clearance]: Silkscreen clipped by board edge
    Rule: board setup constraints silk; warning
    @(90.8300 mm, 64.7400 mm): Rectangle on Edge.Cuts
    @(96.7000 mm, 64.9200 mm): Segment of J1 on F.Silkscreen
[silk_edge_clearance]: Silkscreen clipped by board edge
    Rule: board setup constraints silk; warning
    @(90.8300 mm, 64.7400 mm): Rectangle on Edge.Cuts
    @(106.1000 mm, 64.9200 mm): Segment of J1 on F.Silkscreen
[holes_co_located]: Drilled holes co-located
    Local override; warning
    @(101.9071 mm, 88.1155 mm): Via [+3V3] on F.Cu - B.Cu
    @(101.9071 mm, 88.1155 mm): Via [+3V3] on F.Cu - B.Cu

** Found 10 unconnected pads **
[unconnected_items]: Missing connection between items
    Local override; error
    @(90.7600 mm, 64.5800 mm): Zone [GND] on F.Cu and B.Cu
    @(90.7600 mm, 64.5800 mm): Zone [GND] on F.Cu and B.Cu
[unconnected_items]: Missing connection between items
    Local override; error
    @(100.5300 mm, 97.2359 mm): Track [GND] on F.Cu, length 1.6984 mm
    @(101.5300 mm, 92.1000 mm): Pad 57 [GND] of U1 on F.Cu
[unconnected_items]: Missing connection between items
    Local override; error
    @(110.2200 mm, 83.9400 mm): PTH pad 8 [GND] of J3
    @(90.7600 mm, 64.5800 mm): Zone [GND] on F.Cu and B.Cu
[unconnected_items]: Missing connection between items
    Local override; error
    @(107.3800 mm, 93.0900 mm): Pad 2 [GND] of C9 on F.Cu
    @(107.1975 mm, 88.7000 mm): Track [GND] on F.Cu, length 1.7888 mm
[unconnected_items]: Missing connection between items
    Local override; error
    @(95.8500 mm, 93.3700 mm): Pad 2 [GND] of C3 on F.Cu
    @(90.7600 mm, 64.5800 mm): Zone [GND] on F.Cu and B.Cu
[unconnected_items]: Missing connection between items
    Local override; error
    @(95.8500 mm, 93.3700 mm): Pad 2 [GND] of C3 on F.Cu
    @(96.2675 mm, 88.5700 mm): Pad 2 [GND] of C4 on F.Cu
[unconnected_items]: Missing connection between items
    Local override; error
    @(90.7600 mm, 64.5800 mm): Zone [GND] on F.Cu and B.Cu
    @(110.2200 mm, 109.3400 mm): PTH pad 18 [GND] of J3
[unconnected_items]: Missing connection between items
    Local override; error
    @(97.1325 mm, 85.8300 mm): Track [GND] on F.Cu, length 0.3616 mm
    @(92.4800 mm, 83.9300 mm): PTH pad 8 [GND] of J2
[unconnected_items]: Missing connection between items
    Local override; error
    @(102.1300 mm, 88.6625 mm): Pad 48 [+3V3] of U1 on F.Cu
    @(103.7300 mm, 88.6625 mm): Track [+3V3] on F.Cu, length 0.4000 mm
[unconnected_items]: Missing connection between items
    Local override; error
    @(103.8000 mm, 107.9600 mm): Pad 4 [+3V3] of D2 on F.Cu
    @(103.2975 mm, 97.5700 mm): Pad 1 [+3V3] of C2 on F.Cu

** Found 0 Footprint errors **

** End of Report **
